Archive member included because of file (symbol)

/Volumes/HDD/Users/alexmuller/Desktop/app_text/lib/libpebble.a(tmpE96Sgtpebble_os.o)
                              src/app_text.c.1.o (app_event_loop)
/Volumes/HDD/Users/alexmuller/pebble-dev/arm-cs-tools/bin/../lib/gcc/arm-none-eabi/4.6.3/../../../../arm-none-eabi/lib/thumb2/libc.a(lib_a-memset.o)
                              src/app_text.c.1.o (memset)

Allocating common symbols
Common symbol       size              file

texts               0xc               src/app_text.c.1.o
text_layer          0x38              src/app_text.c.1.o
window              0x58              src/app_text.c.1.o

Memory Configuration

Name             Origin             Length             Attributes
APP              0x0000000000000000 0x0000000000006000 xrw
*default*        0x0000000000000000 0xffffffffffffffff

Linker script and memory map

LOAD /Volumes/HDD/Users/alexmuller/pebble-dev/arm-cs-tools/bin/../lib/gcc/arm-none-eabi/4.6.3/thumb2/crti.o
LOAD /Volumes/HDD/Users/alexmuller/pebble-dev/arm-cs-tools/bin/../lib/gcc/arm-none-eabi/4.6.3/thumb2/crtbegin.o
LOAD src/app_text.c.1.o
LOAD /Volumes/HDD/Users/alexmuller/Desktop/app_text/lib/libpebble.a
START GROUP
LOAD /Volumes/HDD/Users/alexmuller/pebble-dev/arm-cs-tools/bin/../lib/gcc/arm-none-eabi/4.6.3/thumb2/libgcc.a
LOAD /Volumes/HDD/Users/alexmuller/pebble-dev/arm-cs-tools/bin/../lib/gcc/arm-none-eabi/4.6.3/../../../../arm-none-eabi/lib/thumb2/libc.a
END GROUP
LOAD /Volumes/HDD/Users/alexmuller/pebble-dev/arm-cs-tools/bin/../lib/gcc/arm-none-eabi/4.6.3/thumb2/crtend.o
LOAD /Volumes/HDD/Users/alexmuller/pebble-dev/arm-cs-tools/bin/../lib/gcc/arm-none-eabi/4.6.3/thumb2/crtn.o

.header         0x0000000000000000       0x7c
 *(.pbl_header)
 .pbl_header    0x0000000000000000       0x7c src/app_text.c.1.o
                0x0000000000000000                __pbl_app_info

.text           0x000000000000007c      0xeec
 *(.text)
 .text          0x000000000000007c        0x0 /Volumes/HDD/Users/alexmuller/pebble-dev/arm-cs-tools/bin/../lib/gcc/arm-none-eabi/4.6.3/thumb2/crti.o
 .text          0x000000000000007c       0x68 /Volumes/HDD/Users/alexmuller/pebble-dev/arm-cs-tools/bin/../lib/gcc/arm-none-eabi/4.6.3/thumb2/crtbegin.o
 .text          0x00000000000000e4      0x2f8 src/app_text.c.1.o
                0x00000000000000e4                populateTexts
                0x0000000000000124                drawPage
                0x0000000000000164                select_single_click_handler
                0x00000000000001a4                down_single_click_handler
                0x00000000000001f4                up_single_click_handler
                0x0000000000000244                config_provider
                0x00000000000002ac                handle_init
                0x00000000000003a0                pbl_main
 .text          0x00000000000003dc      0xb8c /Volumes/HDD/Users/alexmuller/Desktop/app_text/lib/libpebble.a(tmpE96Sgtpebble_os.o)
                0x00000000000003dc                animation_init
                0x00000000000003e8                animation_set_delay
                0x00000000000003f4                animation_set_duration
                0x0000000000000400                animation_set_curve
                0x000000000000040c                animation_set_handlers
                0x0000000000000418                animation_set_implementation
                0x0000000000000424                animation_get_context
                0x0000000000000430                animation_schedule
                0x000000000000043c                animation_unschedule
                0x0000000000000448                animation_unschedule_all
                0x0000000000000454                animation_is_scheduled
                0x0000000000000460                app_timer_send_event
                0x000000000000046c                app_timer_cancel_event
                0x0000000000000478                app_event_loop
                0x0000000000000484                bmp_init_container
                0x0000000000000490                bmp_deinit_container
                0x000000000000049c                cos_lookup
                0x00000000000004a8                fonts_get_system_font
                0x00000000000004b4                fonts_load_custom_font
                0x00000000000004c0                fonts_unload_custom_font
                0x00000000000004cc                graphics_context_set_stroke_color
                0x00000000000004d8                graphics_context_set_fill_color
                0x00000000000004e4                graphics_context_set_text_color
                0x00000000000004f0                graphics_context_set_compositing_mode
                0x00000000000004fc                graphics_draw_pixel
                0x0000000000000508                graphics_draw_line
                0x0000000000000514                graphics_fill_rect
                0x0000000000000520                graphics_draw_circle
                0x000000000000052c                graphics_fill_circle
                0x0000000000000538                graphics_draw_round_rect
                0x0000000000000544                get_time
                0x0000000000000550                gpath_init
                0x000000000000055c                gpath_move_to
                0x0000000000000568                gpath_rotate_to
                0x0000000000000574                gpath_draw_outline
                0x0000000000000580                gpath_draw_filled
                0x000000000000058c                grect_center_point
                0x0000000000000598                layer_mark_dirty
                0x00000000000005a4                layer_remove_from_parent
                0x00000000000005b0                layer_add_child
                0x00000000000005bc                layer_get_frame
                0x00000000000005c8                layer_set_frame
                0x00000000000005d4                layer_set_hidden
                0x00000000000005e0                layer_init
                0x00000000000005ec                light_enable
                0x00000000000005f8                light_enable_interaction
                0x0000000000000604                psleep
                0x0000000000000610                resource_init_current_app
                0x000000000000061c                resource_get_handle
                0x0000000000000628                resource_load
                0x0000000000000634                resource_load_byte_range
                0x0000000000000640                resource_size
                0x000000000000064c                rotbmp_deinit_container
                0x0000000000000658                rotbmp_init_container
                0x0000000000000664                rotbmp_pair_deinit_container
                0x0000000000000670                rotbmp_pair_init_container
                0x000000000000067c                rotbmp_pair_layer_set_src_ic
                0x0000000000000688                rotbmp_pair_layer_set_angle
                0x0000000000000694                window_init
                0x00000000000006a0                window_stack_push
                0x00000000000006ac                window_set_click_config_provider
                0x00000000000006b8                window_set_background_color
                0x00000000000006c4                window_render
                0x00000000000006d0                window_set_fullscreen
                0x00000000000006dc                sin_lookup
                0x00000000000006e8                string_format_time
                0x00000000000006f4                text_layer_init
                0x0000000000000700                text_layer_get_text
                0x000000000000070c                text_layer_set_text
                0x0000000000000718                text_layer_set_font
                0x0000000000000724                text_layer_set_text_color
                0x0000000000000730                text_layer_set_background_color
                0x000000000000073c                vibes_double_pulse
                0x0000000000000748                vibes_enqueue_custom_pattern
                0x0000000000000754                vibes_long_pulse
                0x0000000000000760                vibes_short_pulse
                0x000000000000076c                app_get_current_graphics_context
                0x0000000000000778                clock_is_24h_style
                0x0000000000000784                property_animation_init_layer_frame
                0x0000000000000790                text_layer_set_text_alignment
                0x000000000000079c                graphics_draw_bitmap_in_rect
                0x00000000000007a8                graphics_text_draw
                0x00000000000007b4                layer_set_bounds
                0x00000000000007c0                layer_get_bounds
                0x00000000000007cc                layer_set_update_proc
                0x00000000000007d8                layer_get_window
                0x00000000000007e4                layer_remove_child_layers
                0x00000000000007f0                layer_insert_below_sibling
                0x00000000000007fc                layer_insert_above_sibling
                0x0000000000000808                layer_get_hidden
                0x0000000000000814                layer_set_clips
                0x0000000000000820                layer_get_clips
                0x000000000000082c                text_layer_get_max_used_size
                0x0000000000000838                text_layer_set_size
                0x0000000000000844                text_layer_set_overflow_mode
                0x0000000000000850                graphics_text_layout_get_max_used_size
                0x000000000000085c                inverter_layer_init
                0x0000000000000868                bitmap_layer_init
                0x0000000000000874                bitmap_layer_set_bitmap
                0x0000000000000880                bitmap_layer_set_alignment
                0x000000000000088c                bitmap_layer_set_background_color
                0x0000000000000898                bitmap_layer_set_compositing_mode
                0x00000000000008a4                heap_bitmap_init
                0x00000000000008b0                heap_bitmap_deinit
                0x00000000000008bc                click_recognizer_get_button_id
                0x00000000000008c8                click_number_of_clicks_counted
                0x00000000000008d4                menu_cell_basic_draw
                0x00000000000008e0                menu_cell_title_draw
                0x00000000000008ec                menu_cell_basic_header_draw
                0x00000000000008f8                menu_layer_init
                0x0000000000000904                menu_layer_get_layer
                0x0000000000000910                menu_layer_set_callbacks
                0x000000000000091c                menu_layer_set_click_config_onto_window
                0x0000000000000928                menu_layer_set_selected_next
                0x0000000000000934                menu_layer_set_selected_index
                0x0000000000000940                menu_layer_reload_data
                0x000000000000094c                menu_index_compare
                0x0000000000000958                scroll_layer_init
                0x0000000000000964                scroll_layer_add_child
                0x0000000000000970                scroll_layer_set_click_config_onto_window
                0x000000000000097c                scroll_layer_set_callbacks
                0x0000000000000988                scroll_layer_set_context
                0x0000000000000994                scroll_layer_set_content_offset
                0x00000000000009a0                scroll_layer_get_content_offset
                0x00000000000009ac                scroll_layer_set_content_size
                0x00000000000009b8                scroll_layer_get_content_size
                0x00000000000009c4                scroll_layer_set_frame
                0x00000000000009d0                scroll_layer_scroll_up_click_handler
                0x00000000000009dc                scroll_layer_scroll_down_click_handler
                0x00000000000009e8                simple_menu_layer_init
                0x00000000000009f4                simple_menu_layer_get_layer
                0x0000000000000a00                simple_menu_layer_get_selected_index
                0x0000000000000a0c                simple_menu_layer_set_selected_index
                0x0000000000000a18                window_deinit
                0x0000000000000a24                window_set_click_config_provider_with_context
                0x0000000000000a30                window_get_click_config_provider
                0x0000000000000a3c                window_set_window_handlers
                0x0000000000000a48                window_get_root_layer
                0x0000000000000a54                window_get_fullscreen
                0x0000000000000a60                window_set_status_bar_icon
                0x0000000000000a6c                window_is_loaded
                0x0000000000000a78                window_stack_pop
                0x0000000000000a84                window_stack_pop_all
                0x0000000000000a90                window_stack_contains_window
                0x0000000000000a98                window_stack_get_top_window
                0x0000000000000aa0                window_stack_remove
                0x0000000000000aa8                property_animation_init
                0x0000000000000ab0                property_animation_update_int16
                0x0000000000000ab8                property_animation_update_gpoint
                0x0000000000000ac0                property_animation_update_grect
                0x0000000000000ac8                app_message_register_callbacks
                0x0000000000000ad0                app_message_deregister_callbacks
                0x0000000000000ad8                app_message_out_get
                0x0000000000000ae0                app_message_out_send
                0x0000000000000ae8                app_message_out_release
                0x0000000000000af0                app_sync_init
                0x0000000000000af8                app_sync_deinit
                0x0000000000000b00                app_sync_set
                0x0000000000000b08                app_sync_get
                0x0000000000000b10                dict_calc_buffer_size
                0x0000000000000b18                dict_write_begin
                0x0000000000000b20                dict_write_data
                0x0000000000000b28                dict_write_cstring
                0x0000000000000b30                dict_write_int
                0x0000000000000b38                dict_write_uint8
                0x0000000000000b40                dict_write_uint16
                0x0000000000000b48                dict_write_uint32
                0x0000000000000b50                dict_write_int8
                0x0000000000000b58                dict_write_int16
                0x0000000000000b60                dict_write_int32
                0x0000000000000b68                dict_write_end
                0x0000000000000b70                dict_read_begin_from_buffer
                0x0000000000000b78                dict_read_next
                0x0000000000000b80                dict_read_first
                0x0000000000000b88                dict_serialize_tuplets
                0x0000000000000b90                dict_serialize_tuplets_to_buffer
                0x0000000000000b98                dict_serialize_tuplets_to_buffer_with_iter
                0x0000000000000ba0                dict_write_tuplet
                0x0000000000000ba8                dict_calc_buffer_size_from_tuplets
                0x0000000000000bb0                dict_merge
                0x0000000000000bb8                dict_find
                0x0000000000000bc0                action_bar_layer_init
                0x0000000000000bc8                action_bar_layer_set_context
                0x0000000000000bd0                action_bar_layer_set_click_config_provider
                0x0000000000000bd8                action_bar_layer_set_icon
                0x0000000000000be0                action_bar_layer_clear_icon
                0x0000000000000be8                action_bar_layer_add_to_window
                0x0000000000000bf0                action_bar_layer_remove_from_window
                0x0000000000000bf8                action_bar_layer_set_background_color
                0x0000000000000c00                number_window_init
                0x0000000000000c08                number_window_set_label
                0x0000000000000c10                number_window_set_max
                0x0000000000000c18                number_window_set_min
                0x0000000000000c20                number_window_set_value
                0x0000000000000c28                number_window_set_step_size
                0x0000000000000c30                number_window_get_value
                0x0000000000000c38                clock_copy_time_string
 .text          0x0000000000000f68        0x0 /Volumes/HDD/Users/alexmuller/pebble-dev/arm-cs-tools/bin/../lib/gcc/arm-none-eabi/4.6.3/../../../../arm-none-eabi/lib/thumb2/libc.a(lib_a-memset.o)
 .text          0x0000000000000f68        0x0 /Volumes/HDD/Users/alexmuller/pebble-dev/arm-cs-tools/bin/../lib/gcc/arm-none-eabi/4.6.3/thumb2/crtend.o
 .text          0x0000000000000f68        0x0 /Volumes/HDD/Users/alexmuller/pebble-dev/arm-cs-tools/bin/../lib/gcc/arm-none-eabi/4.6.3/thumb2/crtn.o

.glue_7         0x0000000000000f68        0x0
 .glue_7        0x0000000000000000        0x0 linker stubs

.glue_7t        0x0000000000000f68        0x0
 .glue_7t       0x0000000000000000        0x0 linker stubs

.vfp11_veneer   0x0000000000000f68        0x0
 .vfp11_veneer  0x0000000000000000        0x0 linker stubs

.v4_bx          0x0000000000000f68        0x0
 .v4_bx         0x0000000000000000        0x0 linker stubs

.init           0x0000000000000f68        0xc
 .init          0x0000000000000f68        0x4 /Volumes/HDD/Users/alexmuller/pebble-dev/arm-cs-tools/bin/../lib/gcc/arm-none-eabi/4.6.3/thumb2/crti.o
                0x0000000000000f68                _init
 .init          0x0000000000000f6c        0x8 /Volumes/HDD/Users/alexmuller/pebble-dev/arm-cs-tools/bin/../lib/gcc/arm-none-eabi/4.6.3/thumb2/crtn.o

.fini           0x0000000000000f74        0xc
 .fini          0x0000000000000f74        0x4 /Volumes/HDD/Users/alexmuller/pebble-dev/arm-cs-tools/bin/../lib/gcc/arm-none-eabi/4.6.3/thumb2/crti.o
                0x0000000000000f74                _fini
 .fini          0x0000000000000f78        0x8 /Volumes/HDD/Users/alexmuller/pebble-dev/arm-cs-tools/bin/../lib/gcc/arm-none-eabi/4.6.3/thumb2/crtn.o

.iplt           0x0000000000000f80        0x0
 .iplt          0x0000000000000000        0x0 /Volumes/HDD/Users/alexmuller/pebble-dev/arm-cs-tools/bin/../lib/gcc/arm-none-eabi/4.6.3/thumb2/crti.o

.text.memset    0x0000000000000f80       0x10
 .text.memset   0x0000000000000f80       0x10 /Volumes/HDD/Users/alexmuller/pebble-dev/arm-cs-tools/bin/../lib/gcc/arm-none-eabi/4.6.3/../../../../arm-none-eabi/lib/thumb2/libc.a(lib_a-memset.o)
                0x0000000000000f80                memset

.data           0x0000000000000f90        0x4
 *(.data)
 .data          0x0000000000000f90        0x0 /Volumes/HDD/Users/alexmuller/pebble-dev/arm-cs-tools/bin/../lib/gcc/arm-none-eabi/4.6.3/thumb2/crti.o
 .data          0x0000000000000f90        0x4 /Volumes/HDD/Users/alexmuller/pebble-dev/arm-cs-tools/bin/../lib/gcc/arm-none-eabi/4.6.3/thumb2/crtbegin.o
                0x0000000000000f90                __dso_handle
 .data          0x0000000000000f94        0x0 src/app_text.c.1.o
 .data          0x0000000000000f94        0x0 /Volumes/HDD/Users/alexmuller/Desktop/app_text/lib/libpebble.a(tmpE96Sgtpebble_os.o)
 .data          0x0000000000000f94        0x0 /Volumes/HDD/Users/alexmuller/pebble-dev/arm-cs-tools/bin/../lib/gcc/arm-none-eabi/4.6.3/../../../../arm-none-eabi/lib/thumb2/libc.a(lib_a-memset.o)
 .data          0x0000000000000f94        0x0 /Volumes/HDD/Users/alexmuller/pebble-dev/arm-cs-tools/bin/../lib/gcc/arm-none-eabi/4.6.3/thumb2/crtend.o
 .data          0x0000000000000f94        0x0 /Volumes/HDD/Users/alexmuller/pebble-dev/arm-cs-tools/bin/../lib/gcc/arm-none-eabi/4.6.3/thumb2/crtn.o

.igot.plt       0x0000000000000f94        0x0
 .igot.plt      0x0000000000000000        0x0 /Volumes/HDD/Users/alexmuller/pebble-dev/arm-cs-tools/bin/../lib/gcc/arm-none-eabi/4.6.3/thumb2/crti.o

.got            0x0000000000000f94        0xc
 .got           0x0000000000000f94        0xc /Volumes/HDD/Users/alexmuller/pebble-dev/arm-cs-tools/bin/../lib/gcc/arm-none-eabi/4.6.3/thumb2/crti.o

.got.plt        0x0000000000000fa0        0xc
 .got.plt       0x0000000000000fa0        0xc /Volumes/HDD/Users/alexmuller/pebble-dev/arm-cs-tools/bin/../lib/gcc/arm-none-eabi/4.6.3/thumb2/crti.o
                0x0000000000000fa0                _GLOBAL_OFFSET_TABLE_

.init_array     0x0000000000000fac        0x4
 .init_array    0x0000000000000fac        0x4 /Volumes/HDD/Users/alexmuller/pebble-dev/arm-cs-tools/bin/../lib/gcc/arm-none-eabi/4.6.3/thumb2/crtbegin.o

.fini_array     0x0000000000000fb0        0x4
 .fini_array    0x0000000000000fb0        0x4 /Volumes/HDD/Users/alexmuller/pebble-dev/arm-cs-tools/bin/../lib/gcc/arm-none-eabi/4.6.3/thumb2/crtbegin.o

.jcr            0x0000000000000fb4        0x4
 .jcr           0x0000000000000fb4        0x0 /Volumes/HDD/Users/alexmuller/pebble-dev/arm-cs-tools/bin/../lib/gcc/arm-none-eabi/4.6.3/thumb2/crtbegin.o
 .jcr           0x0000000000000fb4        0x4 /Volumes/HDD/Users/alexmuller/pebble-dev/arm-cs-tools/bin/../lib/gcc/arm-none-eabi/4.6.3/thumb2/crtend.o

.bss            0x0000000000000fb8       0xc0
 *(.bss)
 .bss           0x0000000000000fb8        0x0 /Volumes/HDD/Users/alexmuller/pebble-dev/arm-cs-tools/bin/../lib/gcc/arm-none-eabi/4.6.3/thumb2/crti.o
 .bss           0x0000000000000fb8       0x1c /Volumes/HDD/Users/alexmuller/pebble-dev/arm-cs-tools/bin/../lib/gcc/arm-none-eabi/4.6.3/thumb2/crtbegin.o
 .bss           0x0000000000000fd4        0x8 src/app_text.c.1.o
                0x0000000000000fd4                page
                0x0000000000000fd8                light
 .bss           0x0000000000000fdc        0x0 /Volumes/HDD/Users/alexmuller/Desktop/app_text/lib/libpebble.a(tmpE96Sgtpebble_os.o)
 .bss           0x0000000000000fdc        0x0 /Volumes/HDD/Users/alexmuller/pebble-dev/arm-cs-tools/bin/../lib/gcc/arm-none-eabi/4.6.3/../../../../arm-none-eabi/lib/thumb2/libc.a(lib_a-memset.o)
 .bss           0x0000000000000fdc        0x0 /Volumes/HDD/Users/alexmuller/pebble-dev/arm-cs-tools/bin/../lib/gcc/arm-none-eabi/4.6.3/thumb2/crtend.o
 .bss           0x0000000000000fdc        0x0 /Volumes/HDD/Users/alexmuller/pebble-dev/arm-cs-tools/bin/../lib/gcc/arm-none-eabi/4.6.3/thumb2/crtn.o
 COMMON         0x0000000000000fdc       0x9c src/app_text.c.1.o
                0x0000000000000fdc                texts
                0x0000000000000fe8                text_layer
                0x0000000000001020                window

DISCARD         0x0000000000001078        0x4
 libc.a(*)
 libm.a(*)
 libgcc.a(*)
 *(.eh_frame)
 .eh_frame      0x0000000000001078        0x0 /Volumes/HDD/Users/alexmuller/pebble-dev/arm-cs-tools/bin/../lib/gcc/arm-none-eabi/4.6.3/thumb2/crtbegin.o
 .eh_frame      0x0000000000001078        0x4 /Volumes/HDD/Users/alexmuller/pebble-dev/arm-cs-tools/bin/../lib/gcc/arm-none-eabi/4.6.3/thumb2/crtend.o
OUTPUT(/Volumes/HDD/Users/alexmuller/Desktop/app_text/build/pebble-app.elf elf32-littlearm)

.rodata         0x000000000000107c      0x450
 .rodata        0x000000000000107c      0x450 src/app_text.c.1.o

.rel.dyn        0x00000000000014cc        0x0
 .rel.iplt      0x0000000000000000        0x0 /Volumes/HDD/Users/alexmuller/pebble-dev/arm-cs-tools/bin/../lib/gcc/arm-none-eabi/4.6.3/thumb2/crti.o
 .rel.got       0x0000000000000000        0x0 /Volumes/HDD/Users/alexmuller/pebble-dev/arm-cs-tools/bin/../lib/gcc/arm-none-eabi/4.6.3/thumb2/crti.o

.ARM.attributes
                0x0000000000000000       0x27
 .ARM.attributes
                0x0000000000000000       0x1b /Volumes/HDD/Users/alexmuller/pebble-dev/arm-cs-tools/bin/../lib/gcc/arm-none-eabi/4.6.3/thumb2/crti.o
 .ARM.attributes
                0x000000000000001b       0x2b /Volumes/HDD/Users/alexmuller/pebble-dev/arm-cs-tools/bin/../lib/gcc/arm-none-eabi/4.6.3/thumb2/crtbegin.o
 .ARM.attributes
                0x0000000000000046       0x33 src/app_text.c.1.o
 .ARM.attributes
                0x0000000000000079       0x21 /Volumes/HDD/Users/alexmuller/Desktop/app_text/lib/libpebble.a(tmpE96Sgtpebble_os.o)
 .ARM.attributes
                0x000000000000009a       0x2b /Volumes/HDD/Users/alexmuller/pebble-dev/arm-cs-tools/bin/../lib/gcc/arm-none-eabi/4.6.3/../../../../arm-none-eabi/lib/thumb2/libc.a(lib_a-memset.o)
 .ARM.attributes
                0x00000000000000c5       0x2b /Volumes/HDD/Users/alexmuller/pebble-dev/arm-cs-tools/bin/../lib/gcc/arm-none-eabi/4.6.3/thumb2/crtend.o
 .ARM.attributes
                0x00000000000000f0       0x1b /Volumes/HDD/Users/alexmuller/pebble-dev/arm-cs-tools/bin/../lib/gcc/arm-none-eabi/4.6.3/thumb2/crtn.o

.comment        0x0000000000000000       0x4e
 .comment       0x0000000000000000       0x4e /Volumes/HDD/Users/alexmuller/pebble-dev/arm-cs-tools/bin/../lib/gcc/arm-none-eabi/4.6.3/thumb2/crtbegin.o
                                         0x4f (size before relaxing)
 .comment       0x0000000000000000       0x4f src/app_text.c.1.o
 .comment       0x0000000000000000       0x4f /Volumes/HDD/Users/alexmuller/pebble-dev/arm-cs-tools/bin/../lib/gcc/arm-none-eabi/4.6.3/../../../../arm-none-eabi/lib/thumb2/libc.a(lib_a-memset.o)
 .comment       0x0000000000000000       0x4f /Volumes/HDD/Users/alexmuller/pebble-dev/arm-cs-tools/bin/../lib/gcc/arm-none-eabi/4.6.3/thumb2/crtend.o

.debug_line     0x0000000000000000      0x2bc
 .debug_line    0x0000000000000000       0x71 /Volumes/HDD/Users/alexmuller/pebble-dev/arm-cs-tools/bin/../lib/gcc/arm-none-eabi/4.6.3/thumb2/crti.o
 .debug_line    0x0000000000000071      0x1d6 src/app_text.c.1.o
 .debug_line    0x0000000000000247       0x75 /Volumes/HDD/Users/alexmuller/pebble-dev/arm-cs-tools/bin/../lib/gcc/arm-none-eabi/4.6.3/thumb2/crtn.o

.debug_info     0x0000000000000000     0x1470
 .debug_info    0x0000000000000000       0xb2 /Volumes/HDD/Users/alexmuller/pebble-dev/arm-cs-tools/bin/../lib/gcc/arm-none-eabi/4.6.3/thumb2/crti.o
 .debug_info    0x00000000000000b2     0x130c src/app_text.c.1.o
 .debug_info    0x00000000000013be       0xb2 /Volumes/HDD/Users/alexmuller/pebble-dev/arm-cs-tools/bin/../lib/gcc/arm-none-eabi/4.6.3/thumb2/crtn.o

.debug_abbrev   0x0000000000000000      0x208
 .debug_abbrev  0x0000000000000000       0x12 /Volumes/HDD/Users/alexmuller/pebble-dev/arm-cs-tools/bin/../lib/gcc/arm-none-eabi/4.6.3/thumb2/crti.o
 .debug_abbrev  0x0000000000000012      0x1e4 src/app_text.c.1.o
 .debug_abbrev  0x00000000000001f6       0x12 /Volumes/HDD/Users/alexmuller/pebble-dev/arm-cs-tools/bin/../lib/gcc/arm-none-eabi/4.6.3/thumb2/crtn.o

.debug_aranges  0x0000000000000000       0x70
 .debug_aranges
                0x0000000000000000       0x28 /Volumes/HDD/Users/alexmuller/pebble-dev/arm-cs-tools/bin/../lib/gcc/arm-none-eabi/4.6.3/thumb2/crti.o
 .debug_aranges
                0x0000000000000028       0x20 src/app_text.c.1.o
 .debug_aranges
                0x0000000000000048       0x28 /Volumes/HDD/Users/alexmuller/pebble-dev/arm-cs-tools/bin/../lib/gcc/arm-none-eabi/4.6.3/thumb2/crtn.o

.debug_ranges   0x0000000000000000       0x40
 .debug_ranges  0x0000000000000000       0x20 /Volumes/HDD/Users/alexmuller/pebble-dev/arm-cs-tools/bin/../lib/gcc/arm-none-eabi/4.6.3/thumb2/crti.o
 .debug_ranges  0x0000000000000020       0x20 /Volumes/HDD/Users/alexmuller/pebble-dev/arm-cs-tools/bin/../lib/gcc/arm-none-eabi/4.6.3/thumb2/crtn.o

.debug_loc      0x0000000000000000      0x1b6
 .debug_loc     0x0000000000000000      0x1b6 src/app_text.c.1.o

.debug_str      0x0000000000000000      0xc28
 .debug_str     0x0000000000000000      0xc28 src/app_text.c.1.o
                                        0xd09 (size before relaxing)

.debug_frame    0x0000000000000000      0x104
 .debug_frame   0x0000000000000000      0x104 src/app_text.c.1.o
